// Jest Snapshot v1, https://goo.gl/fbAQLP

exports[`<Login /> renders everything 1`] = `
<View
  style={
    Object {
      "alignItems": "stretch",
      "backgroundColor": "#f2d9e6",
      "flex": 0,
      "height": 1334,
      "justifyContent": "flex-end",
      "paddingLeft": "8.5%",
      "paddingRight": "8.5%",
      "paddingTop": 0,
      "width": 750,
    }
  }
>
  <View
    style={
      Object {
        "backgroundColor": "#19BB53",
        "borderRadius": 432,
        "height": 432,
        "left": 226,
        "position": "absolute",
        "top": -35,
        "width": 432,
      }
    }
  />
  <View
    style={
      Object {
        "backgroundColor": "#541E5C",
        "borderRadius": 723,
        "height": 723,
        "left": -177,
        "position": "absolute",
        "top": -416,
        "width": 723,
      }
    }
  />
  <View
    style={
      Object {
        "backgroundColor": "#0582CA",
        "borderRadius": 432.49,
        "height": 432.49,
        "left": -156.65,
        "position": "absolute",
        "top": -300.62,
        "width": 432.49,
      }
    }
  />
  <Text
    style={
      Object {
        "color": "#F2E0F5",
        "flex": 1,
        "fontSize": 60,
        "fontStyle": "normal",
        "fontWeight": "600",
        "lineHeight": 60,
        "marginTop": 184,
      }
    }
  >
    Seja bem-vindo
  </Text>
  <TextInput
    allowFontScaling={true}
    onChangeText={[Function]}
    placeholder="Seu e-mail:"
    rejectResponderTermination={true}
    style={
      Object {
        "alignSelf": "stretch",
        "backgroundColor": "#e4b4cd",
        "borderColor": "#541E5C",
        "borderRadius": 20,
        "borderWidth": 0.5,
        "color": "black",
        "fontSize": 15,
        "fontStyle": "normal",
        "fontWeight": "500",
        "height": "8%",
        "marginBottom": 20,
        "paddingLeft": 30,
        "paddingRight": 30,
        "width": "100%",
      }
    }
    underlineColorAndroid="transparent"
  />
  <TextInput
    allowFontScaling={true}
    onChangeText={[Function]}
    placeholder="Sua senha:"
    rejectResponderTermination={true}
    secureTextEntry={true}
    style={
      Object {
        "alignSelf": "stretch",
        "backgroundColor": "#e4b4cd",
        "borderColor": "#541E5C",
        "borderRadius": 20,
        "borderWidth": 0.5,
        "color": "black",
        "fontSize": 15,
        "fontStyle": "normal",
        "fontWeight": "500",
        "height": "8%",
        "marginBottom": 20,
        "paddingLeft": 30,
        "paddingRight": 30,
        "width": "100%",
      }
    }
    underlineColorAndroid="transparent"
  />
  <View
    style={
      Object {
        "flexDirection": "row",
        "justifyContent": "space-between",
      }
    }
  >
    <Text
      style={
        Object {
          "color": "#242528",
          "fontSize": 40,
          "fontStyle": "normal",
          "fontWeight": "600",
          "lineHeight": 40,
          "marginTop": 12.75,
        }
      }
    >
      Login
    </Text>
    <View
      accessible={true}
      focusable={true}
      onClick={[Function]}
      onResponderGrant={[Function]}
      onResponderMove={[Function]}
      onResponderRelease={[Function]}
      onResponderTerminate={[Function]}
      onResponderTerminationRequest={[Function]}
      onStartShouldSetResponder={[Function]}
      style={
        Object {
          "alignItems": "center",
          "alignSelf": "flex-end",
          "backgroundColor": "#4D525A",
          "borderRadius": 100,
          "height": 8.5,
          "justifyContent": "center",
          "marginBottom": 20,
          "opacity": 1,
          "padding": 35,
          "width": 8.5,
        }
      }
    >
      <Text />
    </View>
  </View>
  <View
    accessible={true}
    focusable={false}
    onClick={[Function]}
    onResponderGrant={[Function]}
    onResponderMove={[Function]}
    onResponderRelease={[Function]}
    onResponderTerminate={[Function]}
    onResponderTerminationRequest={[Function]}
    onStartShouldSetResponder={[Function]}
    style={
      Object {
        "backgroundColor": "#45194d",
        "borderColor": "#E15A97",
        "borderRadius": 10,
        "height": "6.20%",
        "justifyContent": "center",
        "marginBottom": 10,
        "opacity": 1,
        "width": "100%",
      }
    }
  >
    <View
      style={
        Object {
          "alignItems": "center",
          "flexDirection": "row",
        }
      }
    >
      <Text />
      <Text
        style={
          Object {
            "color": "#F2E0F5",
            "fontSize": 14,
            "fontStyle": "normal",
            "fontWeight": "500",
            "letterSpacing": 0.1,
            "textAlign": "center",
          }
        }
      >
        Fazer login com o Facebook
      </Text>
    </View>
  </View>
  <View
    accessible={true}
    focusable={false}
    onClick={[Function]}
    onResponderGrant={[Function]}
    onResponderMove={[Function]}
    onResponderRelease={[Function]}
    onResponderTerminate={[Function]}
    onResponderTerminationRequest={[Function]}
    onStartShouldSetResponder={[Function]}
    style={
      Object {
        "backgroundColor": "#45194d",
        "borderColor": "#E15A97",
        "borderRadius": 10,
        "height": "6.20%",
        "justifyContent": "center",
        "marginBottom": 10,
        "opacity": 1,
        "width": "100%",
      }
    }
  >
    <View
      style={
        Object {
          "alignItems": "center",
          "flexDirection": "row",
        }
      }
    >
      <Text />
      <Text
        style={
          Object {
            "color": "#F2E0F5",
            "fontSize": 14,
            "fontStyle": "normal",
            "fontWeight": "500",
            "letterSpacing": 0.1,
            "textAlign": "center",
          }
        }
      >
        Fazer login com o Google
      </Text>
    </View>
  </View>
  <View
    style={
      Object {
        "flexDirection": "row",
        "justifyContent": "space-between",
      }
    }
  >
    <View
      accessible={true}
      focusable={true}
      onClick={[Function]}
      onResponderGrant={[Function]}
      onResponderMove={[Function]}
      onResponderRelease={[Function]}
      onResponderTerminate={[Function]}
      onResponderTerminationRequest={[Function]}
      onStartShouldSetResponder={[Function]}
      style={
        Object {
          "opacity": 1,
        }
      }
    >
      <Text
        style={
          Object {
            "color": "#242528",
            "fontSize": 18,
            "fontStyle": "normal",
            "fontWeight": "300",
            "letterSpacing": 0.1,
            "marginBottom": 40,
            "textAlign": "center",
          }
        }
      >
        Cadastro
      </Text>
    </View>
    <View
      accessible={true}
      focusable={true}
      onClick={[Function]}
      onResponderGrant={[Function]}
      onResponderMove={[Function]}
      onResponderRelease={[Function]}
      onResponderTerminate={[Function]}
      onResponderTerminationRequest={[Function]}
      onStartShouldSetResponder={[Function]}
      style={
        Object {
          "opacity": 1,
        }
      }
    >
      <Text
        style={
          Object {
            "color": "#242528",
            "fontSize": 18,
            "fontStyle": "normal",
            "fontWeight": "300",
            "letterSpacing": 0.1,
            "marginBottom": 40,
            "textAlign": "center",
          }
        }
      >
        Esqueci a senha
      </Text>
    </View>
  </View>
</View>
`;
