// Jest Snapshot v1, https://goo.gl/fbAQLP

exports[`<Scamera /> renders everything 1`] = `
<View
  style={
    Object {
      "backgroundColor": "#F2E0F5",
      "flex": 1,
      "justifyContent": "center",
      "paddingTop": 44,
    }
  }
>
  <ViewManagerAdapter_ExponentCamera
    proxiedProperties={
      Object {
        "autoFocus": undefined,
        "faceDetectorSettings": Object {},
        "flashMode": undefined,
        "focusDepth": 0,
        "onBarCodeScanned": undefined,
        "onCameraReady": [Function],
        "onFacesDetected": [Function],
        "onMountError": [Function],
        "onPictureSaved": [Function],
        "type": undefined,
        "whiteBalance": undefined,
        "zoom": 0,
      }
    }
    style={
      Object {
        "flex": 6,
      }
    }
  >
    <View
      style={
        Object {
          "alignSelf": "flex-end",
          "backgroundColor": "transparent",
          "flex": 1,
          "flexDirection": "row",
          "marginTop": 20,
          "position": "absolute",
        }
      }
    >
      <View
        accessible={true}
        focusable={true}
        onClick={[Function]}
        onResponderGrant={[Function]}
        onResponderMove={[Function]}
        onResponderRelease={[Function]}
        onResponderTerminate={[Function]}
        onResponderTerminationRequest={[Function]}
        onStartShouldSetResponder={[Function]}
        style={
          Object {
            "marginRight": 20,
            "opacity": 1,
          }
        }
      >
        <Text />
      </View>
      <View
        accessible={true}
        focusable={true}
        onClick={[Function]}
        onResponderGrant={[Function]}
        onResponderMove={[Function]}
        onResponderRelease={[Function]}
        onResponderTerminate={[Function]}
        onResponderTerminationRequest={[Function]}
        onStartShouldSetResponder={[Function]}
        style={
          Object {
            "marginRight": 20,
            "opacity": 1,
          }
        }
      >
        <Text />
      </View>
    </View>
  </ViewManagerAdapter_ExponentCamera>
  <View
    style={
      Object {
        "alignItems": "center",
        "flex": 1,
        "flexDirection": "row",
        "justifyContent": "space-around",
      }
    }
  >
    <View
      accessible={true}
      focusable={true}
      onClick={[Function]}
      onResponderGrant={[Function]}
      onResponderMove={[Function]}
      onResponderRelease={[Function]}
      onResponderTerminate={[Function]}
      onResponderTerminationRequest={[Function]}
      onStartShouldSetResponder={[Function]}
      style={
        Object {
          "alignItems": "center",
          "backgroundColor": "#28E269",
          "borderRadius": 10,
          "height": 62.5,
          "justifyContent": "center",
          "opacity": 1,
          "width": 125,
        }
      }
    >
      <Text>
        Flor
      </Text>
    </View>
    <View
      accessible={true}
      focusable={true}
      onClick={[Function]}
      onResponderGrant={[Function]}
      onResponderMove={[Function]}
      onResponderRelease={[Function]}
      onResponderTerminate={[Function]}
      onResponderTerminationRequest={[Function]}
      onStartShouldSetResponder={[Function]}
      style={
        Object {
          "opacity": 1,
        }
      }
    >
      <Text />
    </View>
    <View
      accessible={true}
      focusable={true}
      onClick={[Function]}
      onResponderGrant={[Function]}
      onResponderMove={[Function]}
      onResponderRelease={[Function]}
      onResponderTerminate={[Function]}
      onResponderTerminationRequest={[Function]}
      onStartShouldSetResponder={[Function]}
      style={
        Object {
          "alignItems": "center",
          "backgroundColor": "#E5C2EB",
          "borderRadius": 10,
          "height": 62.5,
          "justifyContent": "center",
          "opacity": 1,
          "width": 125,
        }
      }
    >
      <Text>
        Folha
      </Text>
    </View>
  </View>
</View>
`;
